public vmj.auth.storages.StorageImpl()
public vmj.auth.verifiers.VerifierImpl()
Nov 12, 2024 11:21:56 PM org.hibernate.Version logVersion
INFO: HHH000412: Hibernate ORM core version [WORKING]
Nov 12, 2024 11:21:56 PM org.hibernate.cfg.Environment <clinit>
INFO: HHH000205: Loaded properties from resource hibernate.properties: {hibernate.hbm2ddl.auto=update, hibernate.dialect=org.hibernate.dialect.PostgreSQL94Dialect, hibernate.driver_class=org.postgresql.Driver, hibernate.connection.password=****, hibernate.connection.username=postgres, hibernate.connection.url=jdbc:postgresql://localhost:5432/paymentgateway_product_crinkle, hibernate.bytecode.use_reflection_optimizer=false, hibernate.show_sql=false}
Nov 12, 2024 11:21:56 PM org.hibernate.annotations.common.reflection.java.JavaReflectionManager <clinit>
INFO: HCANN000001: Hibernate Commons Annotations {5.1.2.Final}
Nov 12, 2024 11:21:57 PM org.hibernate.engine.jdbc.connections.internal.DriverManagerConnectionProviderImpl configure
WARN: HHH10001002: Using Hibernate built-in connection pool (not for production use!)
Nov 12, 2024 11:21:57 PM org.hibernate.engine.jdbc.connections.internal.DriverManagerConnectionProviderImpl buildCreator
INFO: HHH10001005: using driver [null] at URL [jdbc:postgresql://localhost:5432/paymentgateway_product_crinkle]
Nov 12, 2024 11:21:57 PM org.hibernate.engine.jdbc.connections.internal.DriverManagerConnectionProviderImpl buildCreator
INFO: HHH10001001: Connection properties: {password=****, user=postgres}
Nov 12, 2024 11:21:57 PM org.hibernate.engine.jdbc.connections.internal.DriverManagerConnectionProviderImpl buildCreator
INFO: HHH10001003: Autocommit mode: false
Nov 12, 2024 11:21:57 PM org.hibernate.engine.jdbc.connections.internal.DriverManagerConnectionProviderImpl$PooledConnections <init>
INFO: HHH000115: Hibernate connection pool size: 20 (min=1)
Nov 12, 2024 11:21:57 PM org.hibernate.dialect.Dialect <init>
INFO: HHH000400: Using dialect: org.hibernate.dialect.PostgreSQL94Dialect
Nov 12, 2024 11:21:57 PM org.hibernate.cfg.AnnotationBinder bindClass
WARN: HHH000503: A class should not be annotated with both @Inheritance and @MappedSuperclass. @Inheritance will be ignored for: paymentgateway.disbursement.core.DisbursementComponent.
Nov 12, 2024 11:21:57 PM org.hibernate.resource.transaction.backend.jdbc.internal.DdlTransactionIsolatorNonJtaImpl getIsolatedConnection
INFO: HHH10001501: Connection obtained from JdbcConnectionAccess [org.hibernate.engine.jdbc.env.internal.JdbcEnvironmentInitiator$ConnectionProviderJdbcConnectionAccess@363c32cc] for (non-JTA) DDL execution was not in auto-commit mode; the Connection 'local transaction' will be committed and the Connection will be set into auto-commit mode.
Nov 12, 2024 11:21:58 PM org.hibernate.engine.transaction.jta.platform.internal.JtaPlatformInitiator initiateService
INFO: HHH000490: Using JtaPlatform implementation: [org.hibernate.engine.transaction.jta.platform.internal.NoJtaPlatform]
java.lang.NoSuchFieldException: id
	at java.base/java.lang.Class.getDeclaredField(Class.java:2610)
	at vmj.hibernate.integrator/vmj.hibernate.integrator.HibernateUtil.getIdDataType(HibernateUtil.java:166)
	at vmj.hibernate.integrator/vmj.hibernate.integrator.HibernateUtil.addComponentIdColumn(HibernateUtil.java:114)
	at vmj.hibernate.integrator/vmj.hibernate.integrator.HibernateUtil.configureSupportColumns(HibernateUtil.java:70)
	at vmj.hibernate.integrator/vmj.hibernate.integrator.HibernateUtil.buildSessionFactory(HibernateUtil.java:39)
	at paymentgateway.product.crinkle/paymentgateway.product.crinkle.Crinkle.main(Crinkle.java:93)
id
